exports[`RestForm renders a initial view 1`] = `"<div><p>Welcome, please fill in the form below:</p><form class=\"m-x-1 text-xs-left\" style=\"overflow: hidden;\"><noscript>Please enable javascript in order to use this form.</noscript><div class=\"form-group row\"><div class=\"col-xs-12 col-sm-2\"></div><div class=\"col-xs-12 form-inline col-sm-8\"><div class=\"form-group has-danger\"><button type=\"submit\" class=\"btn btn-outline-primary\">Submit</button><div class=\"text-muted form-control-static\">&nbsp;&nbsp; </div><!-- react-empty: 11 --></div></div></div></form></div>"`;
